// Jest Snapshot v1, https://goo.gl/fbAQLP

exports[`should render Favorite List with empty message 1`] = `
<div
  className="row"
>
  <p>
    No favorite videos
  </p>
  <FavoriteModal
    handleCloseModal={[Function]}
    showModal={false}
    video={Object {}}
  />
</div>
`;

exports[`should render Favorite List with videos 1`] = `
<div
  className="row"
>
  <div
    className="col s12"
  >
    <ul
      className="collection"
    >
      <Connect(FavoriteListItem)
        handleOpenModal={[Function]}
        key="45ETZ1xvHS00"
        uniqueLikedVideos={
          Array [
            Object {
              "DB_id": "-LPZqMuhTsj95R-48arh",
              "etag": "\\"XI7nbFXulYBIpL0ayR_gDh3eu1k/USnkHfpy6EgYn2Xol6nhrLyslqc\\"",
              "id": "45ETZ1xvHS0",
              "isSaved": true,
              "kind": "youtube#video",
              "searchKey": "london tourism",
              "snippet": Object {
                "categoryId": "19",
                "channelId": "UCGaOvAFinZ7BCN_FDmw74fQ",
                "channelTitle": "Expedia",
                "description": "http://www.expedia.com/London.d178279.Destination-Travel-Guides

A trip to London might as well be a trip through history. This city has long been a hub for finance, education, and culture, and is full of modern construction mixed with ancient buildings. 

Your London tour must include St. Paul’s Cathedral, one of its most well-known churches. You’ll also want to see the Tower of London, the Palace of Westminster, and Westminster Abbey for exquisite examples of the city’s famous architectural landmarks. Walk or jog through numerous green spaces, among them Hyde Park and Green Park, in the center of London.

Continue your London sightseeing in the West End, where you’ll find ancient buildings converted into modern shops, restaurants, bars, and shows. You’ll find one of the largest theatre districts in the world here, and can take in a different play almost every night of the week. 

For a real treat, climb aboard the London Eye, a giant, rotating Ferris wheel, and see the old and new parts of the city all at once.

Visit our London travel guide page for more information or to plan your next vacation!

--------------------------------------------------------------------------------------

Follow us on social media:
Twitter: https://twitter.com/Expedia 
Facebook: https://www.facebook.com/expedia 
Instagram: http://instagram.com/expedia
Pinterest: http://www.pinterest.com/Expedia/
Google+: https://plus.google.com/+Expedia 

--------------------------------------------------------------------------------------

Follow us on our travel blog, Viewfinder: 
http://viewfinder.expedia.com/",
                "liveBroadcastContent": "none",
                "localized": Object {
                  "description": "http://www.expedia.com/London.d178279.Destination-Travel-Guides

A trip to London might as well be a trip through history. This city has long been a hub for finance, education, and culture, and is full of modern construction mixed with ancient buildings. 

Your London tour must include St. Paul’s Cathedral, one of its most well-known churches. You’ll also want to see the Tower of London, the Palace of Westminster, and Westminster Abbey for exquisite examples of the city’s famous architectural landmarks. Walk or jog through numerous green spaces, among them Hyde Park and Green Park, in the center of London.

Continue your London sightseeing in the West End, where you’ll find ancient buildings converted into modern shops, restaurants, bars, and shows. You’ll find one of the largest theatre districts in the world here, and can take in a different play almost every night of the week. 

For a real treat, climb aboard the London Eye, a giant, rotating Ferris wheel, and see the old and new parts of the city all at once.

Visit our London travel guide page for more information or to plan your next vacation!

--------------------------------------------------------------------------------------

Follow us on social media:
Twitter: https://twitter.com/Expedia 
Facebook: https://www.facebook.com/expedia 
Instagram: http://instagram.com/expedia
Pinterest: http://www.pinterest.com/Expedia/
Google+: https://plus.google.com/+Expedia 

--------------------------------------------------------------------------------------

Follow us on our travel blog, Viewfinder: 
http://viewfinder.expedia.com/",
                  "title": "London Vacation Travel Guide | Expedia",
                },
                "publishedAt": "2013-03-07T01:50:41.000Z",
                "tags": Array [
                  "trip",
                  "explore",
                  "attractions",
                  "London travel guide",
                  "tourist",
                  "London",
                  "guide",
                  "vacation",
                  "tourism",
                  "expedia",
                  "travel",
                  "London vacations",
                  "visit",
                  "yt:cc=off",
                  "West end",
                  "Big Ben",
                  "england",
                  "Buckingham Palace",
                  "London Eye",
                  "Covent Garden",
                  "Trafalgar Square",
                  "Piccadilly Circus",
                  "Tower Bridge",
                  "Westminster Abbey",
                  "Hyde Park",
                  "Royal Albert Hall",
                  "St James Park",
                  "The West End",
                  "Tate Modern",
                  "The British Museum",
                ],
                "thumbnails": Object {
                  "default": Object {
                    "height": 90,
                    "url": "https://i.ytimg.com/vi/45ETZ1xvHS0/default.jpg",
                    "width": 120,
                  },
                  "high": Object {
                    "height": 360,
                    "url": "https://i.ytimg.com/vi/45ETZ1xvHS0/hqdefault.jpg",
                    "width": 480,
                  },
                  "maxres": Object {
                    "height": 720,
                    "url": "https://i.ytimg.com/vi/45ETZ1xvHS0/maxresdefault.jpg",
                    "width": 1280,
                  },
                  "medium": Object {
                    "height": 180,
                    "url": "https://i.ytimg.com/vi/45ETZ1xvHS0/mqdefault.jpg",
                    "width": 320,
                  },
                  "standard": Object {
                    "height": 480,
                    "url": "https://i.ytimg.com/vi/45ETZ1xvHS0/sddefault.jpg",
                    "width": 640,
                  },
                },
                "title": "London Vacation Travel Guide | Expedia",
              },
              "statistics": Object {
                "commentCount": "1054",
                "dislikeCount": "611",
                "favoriteCount": "0",
                "likeCount": "11765",
                "viewCount": "2849731",
              },
              "viewedAt": 432000000,
            },
            Object {
              "DB_id": "-LPZc8eoSz0u6Uvv7eNr",
              "etag": "\\"XI7nbFXulYBIpL0ayR_gDh3eu1k/wGm8x-4v7AeHl-rwzgtK4NETC9M\\"",
              "id": "93p3LxR9xfM",
              "isSaved": true,
              "kind": "youtube#video",
              "searchKey": "redux",
              "snippet": Object {
                "categoryId": "28",
                "channelId": "UC29ju8bIPH5as8OGnQzwJyA",
                "channelTitle": "Traversy Media",
                "defaultAudioLanguage": "en",
                "description": "In this video we will talk about what Redux is and build a React app from scratch and add all of the boilerplate for Redux and work with the store/state, actions, reducers and all of the other fundamentals of the Redux state manager. The actual Redux implementation starts around 22:00. This video is for people that know the basics of React and want to learn about Redux. If you want to learn React, check out my crash course at https://www.youtube.com/watch?v=A71aqufiNtQ

Sponsor: Coding Dojo
http://www.codingdojo.com/l/yt/tr

Code For This Project:
https://github.com/bradtraversy/redux_crash_course

💖 Become a Patron: Show support & get perks!
http://www.patreon.com/traversymedia

Website & Udemy Courses
http://www.traversymedia.com

Follow Traversy Media:
http://www.facebook.com/traversymedia
http://www.twitter.com/traversymedia
http://www.instagram.com/traversymedia

The Developer Hangout: Public Discord Server
https://discord.gg/developers",
                "liveBroadcastContent": "none",
                "localized": Object {
                  "description": "In this video we will talk about what Redux is and build a React app from scratch and add all of the boilerplate for Redux and work with the store/state, actions, reducers and all of the other fundamentals of the Redux state manager. The actual Redux implementation starts around 22:00. This video is for people that know the basics of React and want to learn about Redux. If you want to learn React, check out my crash course at https://www.youtube.com/watch?v=A71aqufiNtQ

Sponsor: Coding Dojo
http://www.codingdojo.com/l/yt/tr

Code For This Project:
https://github.com/bradtraversy/redux_crash_course

💖 Become a Patron: Show support & get perks!
http://www.patreon.com/traversymedia

Website & Udemy Courses
http://www.traversymedia.com

Follow Traversy Media:
http://www.facebook.com/traversymedia
http://www.twitter.com/traversymedia
http://www.instagram.com/traversymedia

The Developer Hangout: Public Discord Server
https://discord.gg/developers",
                  "title": "Redux Crash Course With React",
                },
                "publishedAt": "2018-03-17T13:50:15.000Z",
                "tags": Array [
                  "redux",
                  "react redux",
                  "redux tutorial",
                  "redux crash course",
                  "react",
                  "react js",
                  "reactjs",
                  "react js redux",
                ],
                "thumbnails": Object {
                  "default": Object {
                    "height": 90,
                    "url": "https://i.ytimg.com/vi/93p3LxR9xfM/default.jpg",
                    "width": 120,
                  },
                  "high": Object {
                    "height": 360,
                    "url": "https://i.ytimg.com/vi/93p3LxR9xfM/hqdefault.jpg",
                    "width": 480,
                  },
                  "maxres": Object {
                    "height": 720,
                    "url": "https://i.ytimg.com/vi/93p3LxR9xfM/maxresdefault.jpg",
                    "width": 1280,
                  },
                  "medium": Object {
                    "height": 180,
                    "url": "https://i.ytimg.com/vi/93p3LxR9xfM/mqdefault.jpg",
                    "width": 320,
                  },
                  "standard": Object {
                    "height": 480,
                    "url": "https://i.ytimg.com/vi/93p3LxR9xfM/sddefault.jpg",
                    "width": 640,
                  },
                },
                "title": "Redux Crash Course With React",
              },
              "statistics": Object {
                "commentCount": "504",
                "dislikeCount": "65",
                "favoriteCount": "0",
                "likeCount": "3107",
                "viewCount": "157879",
              },
              "viewedAt": 259200000,
            },
            Object {
              "DB_id": "-LPYqZAOK_fykstgasiS",
              "etag": "\\"XI7nbFXulYBIpL0ayR_gDh3eu1k/U1WY6K7aQ7K7zjXYzsB2B6cr0WU\\"",
              "id": "mhqO-VL6U2I",
              "isSaved": true,
              "kind": "youtube#video",
              "searchKey": "redux",
              "snippet": Object {
                "categoryId": "1",
                "channelId": "UCyU5wkjgQYGRB0hIHMwm2Sg",
                "channelTitle": "LevelUpTuts",
                "description": "Sign up for Level Up Pro for full access
https://www.leveluptutorials.com/pro

Buy Redux & React for Everyone series: https://goo.gl/XSuXqC

Subscribe for more free tutorials https://goo.gl/6ljoFc

The best shared web hosting
http://www.bluehost.com/track/leveluptutorials/

Subscribe to the Level Up Newsletter
http://eepurl.com/AWjGz

Redux is a predictable state container for JavaScript apps.

It helps you write applications that behave consistently, run in different environments (client, server, and native), and are easy to test. On top of that, it provides a great developer experience, such as live code editing combined with a time traveling debugger.

React makes it painless to create interactive UIs. Design simple views for each state in your application, and React will efficiently update and render just the right components when your data changes.
Declarative views make your code more predictable and easier to debug.

Build encapsulated components that manage their own state, then compose them to make complex UIs.
Since component logic is written in JavaScript instead of templates, you can easily pass rich data through your app and keep state out of the DOM.

We don't make assumptions about the rest of your technology stack, so you can develop new features in React without rewriting existing code.
React can also render on the server using Node and power mobile apps using React Native.",
                "liveBroadcastContent": "none",
                "localized": Object {
                  "description": "Sign up for Level Up Pro for full access
https://www.leveluptutorials.com/pro

Buy Redux & React for Everyone series: https://goo.gl/XSuXqC

Subscribe for more free tutorials https://goo.gl/6ljoFc

The best shared web hosting
http://www.bluehost.com/track/leveluptutorials/

Subscribe to the Level Up Newsletter
http://eepurl.com/AWjGz

Redux is a predictable state container for JavaScript apps.

It helps you write applications that behave consistently, run in different environments (client, server, and native), and are easy to test. On top of that, it provides a great developer experience, such as live code editing combined with a time traveling debugger.

React makes it painless to create interactive UIs. Design simple views for each state in your application, and React will efficiently update and render just the right components when your data changes.
Declarative views make your code more predictable and easier to debug.

Build encapsulated components that manage their own state, then compose them to make complex UIs.
Since component logic is written in JavaScript instead of templates, you can easily pass rich data through your app and keep state out of the DOM.

We don't make assumptions about the rest of your technology stack, so you can develop new features in React without rewriting existing code.
React can also render on the server using Node and power mobile apps using React Native.",
                  "title": "What Is Redux?",
                },
                "publishedAt": "2018-01-03T21:27:52.000Z",
                "tags": Array [
                  "react",
                  "reactjs",
                  "react.js",
                  "js",
                  "javascript",
                  "ui",
                  "user interface",
                  "subscribe",
                  "react tutorial",
                  "beginners",
                  "jsx",
                  "html",
                  "progressive web app",
                  "pwa",
                  "tutorial",
                  "how to",
                  "web",
                  "web development",
                  "programming tutorials",
                  "nodejs vscode javascript",
                  "programming",
                  "web developer",
                  "website development",
                  "fast websites",
                  "stack",
                  "ssr",
                  "server side rendering",
                  "web dev",
                  "javascript (programming language)",
                  "redux",
                  "redux js",
                  "react & redux",
                  "redux for beginners",
                  "redux basics",
                  "redux best practices",
                  "redux thunk",
                  "redux local storage",
                ],
                "thumbnails": Object {
                  "default": Object {
                    "height": 90,
                    "url": "https://i.ytimg.com/vi/mhqO-VL6U2I/default.jpg",
                    "width": 120,
                  },
                  "high": Object {
                    "height": 360,
                    "url": "https://i.ytimg.com/vi/mhqO-VL6U2I/hqdefault.jpg",
                    "width": 480,
                  },
                  "maxres": Object {
                    "height": 720,
                    "url": "https://i.ytimg.com/vi/mhqO-VL6U2I/maxresdefault.jpg",
                    "width": 1280,
                  },
                  "medium": Object {
                    "height": 180,
                    "url": "https://i.ytimg.com/vi/mhqO-VL6U2I/mqdefault.jpg",
                    "width": 320,
                  },
                  "standard": Object {
                    "height": 480,
                    "url": "https://i.ytimg.com/vi/mhqO-VL6U2I/sddefault.jpg",
                    "width": 640,
                  },
                },
                "title": "What Is Redux?",
              },
              "statistics": Object {
                "commentCount": "37",
                "dislikeCount": "27",
                "favoriteCount": "0",
                "likeCount": "277",
                "viewCount": "25092",
              },
              "viewedAt": -432000000,
            },
          ]
        }
        video={
          Object {
            "DB_id": "-LPZqMuhTsj95R-48arh",
            "etag": "\\"XI7nbFXulYBIpL0ayR_gDh3eu1k/USnkHfpy6EgYn2Xol6nhrLyslqc\\"",
            "id": "45ETZ1xvHS0",
            "isSaved": true,
            "kind": "youtube#video",
            "searchKey": "london tourism",
            "snippet": Object {
              "categoryId": "19",
              "channelId": "UCGaOvAFinZ7BCN_FDmw74fQ",
              "channelTitle": "Expedia",
              "description": "http://www.expedia.com/London.d178279.Destination-Travel-Guides

A trip to London might as well be a trip through history. This city has long been a hub for finance, education, and culture, and is full of modern construction mixed with ancient buildings. 

Your London tour must include St. Paul’s Cathedral, one of its most well-known churches. You’ll also want to see the Tower of London, the Palace of Westminster, and Westminster Abbey for exquisite examples of the city’s famous architectural landmarks. Walk or jog through numerous green spaces, among them Hyde Park and Green Park, in the center of London.

Continue your London sightseeing in the West End, where you’ll find ancient buildings converted into modern shops, restaurants, bars, and shows. You’ll find one of the largest theatre districts in the world here, and can take in a different play almost every night of the week. 

For a real treat, climb aboard the London Eye, a giant, rotating Ferris wheel, and see the old and new parts of the city all at once.

Visit our London travel guide page for more information or to plan your next vacation!

--------------------------------------------------------------------------------------

Follow us on social media:
Twitter: https://twitter.com/Expedia 
Facebook: https://www.facebook.com/expedia 
Instagram: http://instagram.com/expedia
Pinterest: http://www.pinterest.com/Expedia/
Google+: https://plus.google.com/+Expedia 

--------------------------------------------------------------------------------------

Follow us on our travel blog, Viewfinder: 
http://viewfinder.expedia.com/",
              "liveBroadcastContent": "none",
              "localized": Object {
                "description": "http://www.expedia.com/London.d178279.Destination-Travel-Guides

A trip to London might as well be a trip through history. This city has long been a hub for finance, education, and culture, and is full of modern construction mixed with ancient buildings. 

Your London tour must include St. Paul’s Cathedral, one of its most well-known churches. You’ll also want to see the Tower of London, the Palace of Westminster, and Westminster Abbey for exquisite examples of the city’s famous architectural landmarks. Walk or jog through numerous green spaces, among them Hyde Park and Green Park, in the center of London.

Continue your London sightseeing in the West End, where you’ll find ancient buildings converted into modern shops, restaurants, bars, and shows. You’ll find one of the largest theatre districts in the world here, and can take in a different play almost every night of the week. 

For a real treat, climb aboard the London Eye, a giant, rotating Ferris wheel, and see the old and new parts of the city all at once.

Visit our London travel guide page for more information or to plan your next vacation!

--------------------------------------------------------------------------------------

Follow us on social media:
Twitter: https://twitter.com/Expedia 
Facebook: https://www.facebook.com/expedia 
Instagram: http://instagram.com/expedia
Pinterest: http://www.pinterest.com/Expedia/
Google+: https://plus.google.com/+Expedia 

--------------------------------------------------------------------------------------

Follow us on our travel blog, Viewfinder: 
http://viewfinder.expedia.com/",
                "title": "London Vacation Travel Guide | Expedia",
              },
              "publishedAt": "2013-03-07T01:50:41.000Z",
              "tags": Array [
                "trip",
                "explore",
                "attractions",
                "London travel guide",
                "tourist",
                "London",
                "guide",
                "vacation",
                "tourism",
                "expedia",
                "travel",
                "London vacations",
                "visit",
                "yt:cc=off",
                "West end",
                "Big Ben",
                "england",
                "Buckingham Palace",
                "London Eye",
                "Covent Garden",
                "Trafalgar Square",
                "Piccadilly Circus",
                "Tower Bridge",
                "Westminster Abbey",
                "Hyde Park",
                "Royal Albert Hall",
                "St James Park",
                "The West End",
                "Tate Modern",
                "The British Museum",
              ],
              "thumbnails": Object {
                "default": Object {
                  "height": 90,
                  "url": "https://i.ytimg.com/vi/45ETZ1xvHS0/default.jpg",
                  "width": 120,
                },
                "high": Object {
                  "height": 360,
                  "url": "https://i.ytimg.com/vi/45ETZ1xvHS0/hqdefault.jpg",
                  "width": 480,
                },
                "maxres": Object {
                  "height": 720,
                  "url": "https://i.ytimg.com/vi/45ETZ1xvHS0/maxresdefault.jpg",
                  "width": 1280,
                },
                "medium": Object {
                  "height": 180,
                  "url": "https://i.ytimg.com/vi/45ETZ1xvHS0/mqdefault.jpg",
                  "width": 320,
                },
                "standard": Object {
                  "height": 480,
                  "url": "https://i.ytimg.com/vi/45ETZ1xvHS0/sddefault.jpg",
                  "width": 640,
                },
              },
              "title": "London Vacation Travel Guide | Expedia",
            },
            "statistics": Object {
              "commentCount": "1054",
              "dislikeCount": "611",
              "favoriteCount": "0",
              "likeCount": "11765",
              "viewCount": "2849731",
            },
            "viewedAt": 432000000,
          }
        }
      />
      <Connect(FavoriteListItem)
        handleOpenModal={[Function]}
        key="93p3LxR9xfM1"
        uniqueLikedVideos={
          Array [
            Object {
              "DB_id": "-LPZqMuhTsj95R-48arh",
              "etag": "\\"XI7nbFXulYBIpL0ayR_gDh3eu1k/USnkHfpy6EgYn2Xol6nhrLyslqc\\"",
              "id": "45ETZ1xvHS0",
              "isSaved": true,
              "kind": "youtube#video",
              "searchKey": "london tourism",
              "snippet": Object {
                "categoryId": "19",
                "channelId": "UCGaOvAFinZ7BCN_FDmw74fQ",
                "channelTitle": "Expedia",
                "description": "http://www.expedia.com/London.d178279.Destination-Travel-Guides

A trip to London might as well be a trip through history. This city has long been a hub for finance, education, and culture, and is full of modern construction mixed with ancient buildings. 

Your London tour must include St. Paul’s Cathedral, one of its most well-known churches. You’ll also want to see the Tower of London, the Palace of Westminster, and Westminster Abbey for exquisite examples of the city’s famous architectural landmarks. Walk or jog through numerous green spaces, among them Hyde Park and Green Park, in the center of London.

Continue your London sightseeing in the West End, where you’ll find ancient buildings converted into modern shops, restaurants, bars, and shows. You’ll find one of the largest theatre districts in the world here, and can take in a different play almost every night of the week. 

For a real treat, climb aboard the London Eye, a giant, rotating Ferris wheel, and see the old and new parts of the city all at once.

Visit our London travel guide page for more information or to plan your next vacation!

--------------------------------------------------------------------------------------

Follow us on social media:
Twitter: https://twitter.com/Expedia 
Facebook: https://www.facebook.com/expedia 
Instagram: http://instagram.com/expedia
Pinterest: http://www.pinterest.com/Expedia/
Google+: https://plus.google.com/+Expedia 

--------------------------------------------------------------------------------------

Follow us on our travel blog, Viewfinder: 
http://viewfinder.expedia.com/",
                "liveBroadcastContent": "none",
                "localized": Object {
                  "description": "http://www.expedia.com/London.d178279.Destination-Travel-Guides

A trip to London might as well be a trip through history. This city has long been a hub for finance, education, and culture, and is full of modern construction mixed with ancient buildings. 

Your London tour must include St. Paul’s Cathedral, one of its most well-known churches. You’ll also want to see the Tower of London, the Palace of Westminster, and Westminster Abbey for exquisite examples of the city’s famous architectural landmarks. Walk or jog through numerous green spaces, among them Hyde Park and Green Park, in the center of London.

Continue your London sightseeing in the West End, where you’ll find ancient buildings converted into modern shops, restaurants, bars, and shows. You’ll find one of the largest theatre districts in the world here, and can take in a different play almost every night of the week. 

For a real treat, climb aboard the London Eye, a giant, rotating Ferris wheel, and see the old and new parts of the city all at once.

Visit our London travel guide page for more information or to plan your next vacation!

--------------------------------------------------------------------------------------

Follow us on social media:
Twitter: https://twitter.com/Expedia 
Facebook: https://www.facebook.com/expedia 
Instagram: http://instagram.com/expedia
Pinterest: http://www.pinterest.com/Expedia/
Google+: https://plus.google.com/+Expedia 

--------------------------------------------------------------------------------------

Follow us on our travel blog, Viewfinder: 
http://viewfinder.expedia.com/",
                  "title": "London Vacation Travel Guide | Expedia",
                },
                "publishedAt": "2013-03-07T01:50:41.000Z",
                "tags": Array [
                  "trip",
                  "explore",
                  "attractions",
                  "London travel guide",
                  "tourist",
                  "London",
                  "guide",
                  "vacation",
                  "tourism",
                  "expedia",
                  "travel",
                  "London vacations",
                  "visit",
                  "yt:cc=off",
                  "West end",
                  "Big Ben",
                  "england",
                  "Buckingham Palace",
                  "London Eye",
                  "Covent Garden",
                  "Trafalgar Square",
                  "Piccadilly Circus",
                  "Tower Bridge",
                  "Westminster Abbey",
                  "Hyde Park",
                  "Royal Albert Hall",
                  "St James Park",
                  "The West End",
                  "Tate Modern",
                  "The British Museum",
                ],
                "thumbnails": Object {
                  "default": Object {
                    "height": 90,
                    "url": "https://i.ytimg.com/vi/45ETZ1xvHS0/default.jpg",
                    "width": 120,
                  },
                  "high": Object {
                    "height": 360,
                    "url": "https://i.ytimg.com/vi/45ETZ1xvHS0/hqdefault.jpg",
                    "width": 480,
                  },
                  "maxres": Object {
                    "height": 720,
                    "url": "https://i.ytimg.com/vi/45ETZ1xvHS0/maxresdefault.jpg",
                    "width": 1280,
                  },
                  "medium": Object {
                    "height": 180,
                    "url": "https://i.ytimg.com/vi/45ETZ1xvHS0/mqdefault.jpg",
                    "width": 320,
                  },
                  "standard": Object {
                    "height": 480,
                    "url": "https://i.ytimg.com/vi/45ETZ1xvHS0/sddefault.jpg",
                    "width": 640,
                  },
                },
                "title": "London Vacation Travel Guide | Expedia",
              },
              "statistics": Object {
                "commentCount": "1054",
                "dislikeCount": "611",
                "favoriteCount": "0",
                "likeCount": "11765",
                "viewCount": "2849731",
              },
              "viewedAt": 432000000,
            },
            Object {
              "DB_id": "-LPZc8eoSz0u6Uvv7eNr",
              "etag": "\\"XI7nbFXulYBIpL0ayR_gDh3eu1k/wGm8x-4v7AeHl-rwzgtK4NETC9M\\"",
              "id": "93p3LxR9xfM",
              "isSaved": true,
              "kind": "youtube#video",
              "searchKey": "redux",
              "snippet": Object {
                "categoryId": "28",
                "channelId": "UC29ju8bIPH5as8OGnQzwJyA",
                "channelTitle": "Traversy Media",
                "defaultAudioLanguage": "en",
                "description": "In this video we will talk about what Redux is and build a React app from scratch and add all of the boilerplate for Redux and work with the store/state, actions, reducers and all of the other fundamentals of the Redux state manager. The actual Redux implementation starts around 22:00. This video is for people that know the basics of React and want to learn about Redux. If you want to learn React, check out my crash course at https://www.youtube.com/watch?v=A71aqufiNtQ

Sponsor: Coding Dojo
http://www.codingdojo.com/l/yt/tr

Code For This Project:
https://github.com/bradtraversy/redux_crash_course

💖 Become a Patron: Show support & get perks!
http://www.patreon.com/traversymedia

Website & Udemy Courses
http://www.traversymedia.com

Follow Traversy Media:
http://www.facebook.com/traversymedia
http://www.twitter.com/traversymedia
http://www.instagram.com/traversymedia

The Developer Hangout: Public Discord Server
https://discord.gg/developers",
                "liveBroadcastContent": "none",
                "localized": Object {
                  "description": "In this video we will talk about what Redux is and build a React app from scratch and add all of the boilerplate for Redux and work with the store/state, actions, reducers and all of the other fundamentals of the Redux state manager. The actual Redux implementation starts around 22:00. This video is for people that know the basics of React and want to learn about Redux. If you want to learn React, check out my crash course at https://www.youtube.com/watch?v=A71aqufiNtQ

Sponsor: Coding Dojo
http://www.codingdojo.com/l/yt/tr

Code For This Project:
https://github.com/bradtraversy/redux_crash_course

💖 Become a Patron: Show support & get perks!
http://www.patreon.com/traversymedia

Website & Udemy Courses
http://www.traversymedia.com

Follow Traversy Media:
http://www.facebook.com/traversymedia
http://www.twitter.com/traversymedia
http://www.instagram.com/traversymedia

The Developer Hangout: Public Discord Server
https://discord.gg/developers",
                  "title": "Redux Crash Course With React",
                },
                "publishedAt": "2018-03-17T13:50:15.000Z",
                "tags": Array [
                  "redux",
                  "react redux",
                  "redux tutorial",
                  "redux crash course",
                  "react",
                  "react js",
                  "reactjs",
                  "react js redux",
                ],
                "thumbnails": Object {
                  "default": Object {
                    "height": 90,
                    "url": "https://i.ytimg.com/vi/93p3LxR9xfM/default.jpg",
                    "width": 120,
                  },
                  "high": Object {
                    "height": 360,
                    "url": "https://i.ytimg.com/vi/93p3LxR9xfM/hqdefault.jpg",
                    "width": 480,
                  },
                  "maxres": Object {
                    "height": 720,
                    "url": "https://i.ytimg.com/vi/93p3LxR9xfM/maxresdefault.jpg",
                    "width": 1280,
                  },
                  "medium": Object {
                    "height": 180,
                    "url": "https://i.ytimg.com/vi/93p3LxR9xfM/mqdefault.jpg",
                    "width": 320,
                  },
                  "standard": Object {
                    "height": 480,
                    "url": "https://i.ytimg.com/vi/93p3LxR9xfM/sddefault.jpg",
                    "width": 640,
                  },
                },
                "title": "Redux Crash Course With React",
              },
              "statistics": Object {
                "commentCount": "504",
                "dislikeCount": "65",
                "favoriteCount": "0",
                "likeCount": "3107",
                "viewCount": "157879",
              },
              "viewedAt": 259200000,
            },
            Object {
              "DB_id": "-LPYqZAOK_fykstgasiS",
              "etag": "\\"XI7nbFXulYBIpL0ayR_gDh3eu1k/U1WY6K7aQ7K7zjXYzsB2B6cr0WU\\"",
              "id": "mhqO-VL6U2I",
              "isSaved": true,
              "kind": "youtube#video",
              "searchKey": "redux",
              "snippet": Object {
                "categoryId": "1",
                "channelId": "UCyU5wkjgQYGRB0hIHMwm2Sg",
                "channelTitle": "LevelUpTuts",
                "description": "Sign up for Level Up Pro for full access
https://www.leveluptutorials.com/pro

Buy Redux & React for Everyone series: https://goo.gl/XSuXqC

Subscribe for more free tutorials https://goo.gl/6ljoFc

The best shared web hosting
http://www.bluehost.com/track/leveluptutorials/

Subscribe to the Level Up Newsletter
http://eepurl.com/AWjGz

Redux is a predictable state container for JavaScript apps.

It helps you write applications that behave consistently, run in different environments (client, server, and native), and are easy to test. On top of that, it provides a great developer experience, such as live code editing combined with a time traveling debugger.

React makes it painless to create interactive UIs. Design simple views for each state in your application, and React will efficiently update and render just the right components when your data changes.
Declarative views make your code more predictable and easier to debug.

Build encapsulated components that manage their own state, then compose them to make complex UIs.
Since component logic is written in JavaScript instead of templates, you can easily pass rich data through your app and keep state out of the DOM.

We don't make assumptions about the rest of your technology stack, so you can develop new features in React without rewriting existing code.
React can also render on the server using Node and power mobile apps using React Native.",
                "liveBroadcastContent": "none",
                "localized": Object {
                  "description": "Sign up for Level Up Pro for full access
https://www.leveluptutorials.com/pro

Buy Redux & React for Everyone series: https://goo.gl/XSuXqC

Subscribe for more free tutorials https://goo.gl/6ljoFc

The best shared web hosting
http://www.bluehost.com/track/leveluptutorials/

Subscribe to the Level Up Newsletter
http://eepurl.com/AWjGz

Redux is a predictable state container for JavaScript apps.

It helps you write applications that behave consistently, run in different environments (client, server, and native), and are easy to test. On top of that, it provides a great developer experience, such as live code editing combined with a time traveling debugger.

React makes it painless to create interactive UIs. Design simple views for each state in your application, and React will efficiently update and render just the right components when your data changes.
Declarative views make your code more predictable and easier to debug.

Build encapsulated components that manage their own state, then compose them to make complex UIs.
Since component logic is written in JavaScript instead of templates, you can easily pass rich data through your app and keep state out of the DOM.

We don't make assumptions about the rest of your technology stack, so you can develop new features in React without rewriting existing code.
React can also render on the server using Node and power mobile apps using React Native.",
                  "title": "What Is Redux?",
                },
                "publishedAt": "2018-01-03T21:27:52.000Z",
                "tags": Array [
                  "react",
                  "reactjs",
                  "react.js",
                  "js",
                  "javascript",
                  "ui",
                  "user interface",
                  "subscribe",
                  "react tutorial",
                  "beginners",
                  "jsx",
                  "html",
                  "progressive web app",
                  "pwa",
                  "tutorial",
                  "how to",
                  "web",
                  "web development",
                  "programming tutorials",
                  "nodejs vscode javascript",
                  "programming",
                  "web developer",
                  "website development",
                  "fast websites",
                  "stack",
                  "ssr",
                  "server side rendering",
                  "web dev",
                  "javascript (programming language)",
                  "redux",
                  "redux js",
                  "react & redux",
                  "redux for beginners",
                  "redux basics",
                  "redux best practices",
                  "redux thunk",
                  "redux local storage",
                ],
                "thumbnails": Object {
                  "default": Object {
                    "height": 90,
                    "url": "https://i.ytimg.com/vi/mhqO-VL6U2I/default.jpg",
                    "width": 120,
                  },
                  "high": Object {
                    "height": 360,
                    "url": "https://i.ytimg.com/vi/mhqO-VL6U2I/hqdefault.jpg",
                    "width": 480,
                  },
                  "maxres": Object {
                    "height": 720,
                    "url": "https://i.ytimg.com/vi/mhqO-VL6U2I/maxresdefault.jpg",
                    "width": 1280,
                  },
                  "medium": Object {
                    "height": 180,
                    "url": "https://i.ytimg.com/vi/mhqO-VL6U2I/mqdefault.jpg",
                    "width": 320,
                  },
                  "standard": Object {
                    "height": 480,
                    "url": "https://i.ytimg.com/vi/mhqO-VL6U2I/sddefault.jpg",
                    "width": 640,
                  },
                },
                "title": "What Is Redux?",
              },
              "statistics": Object {
                "commentCount": "37",
                "dislikeCount": "27",
                "favoriteCount": "0",
                "likeCount": "277",
                "viewCount": "25092",
              },
              "viewedAt": -432000000,
            },
          ]
        }
        video={
          Object {
            "DB_id": "-LPZc8eoSz0u6Uvv7eNr",
            "etag": "\\"XI7nbFXulYBIpL0ayR_gDh3eu1k/wGm8x-4v7AeHl-rwzgtK4NETC9M\\"",
            "id": "93p3LxR9xfM",
            "isSaved": true,
            "kind": "youtube#video",
            "searchKey": "redux",
            "snippet": Object {
              "categoryId": "28",
              "channelId": "UC29ju8bIPH5as8OGnQzwJyA",
              "channelTitle": "Traversy Media",
              "defaultAudioLanguage": "en",
              "description": "In this video we will talk about what Redux is and build a React app from scratch and add all of the boilerplate for Redux and work with the store/state, actions, reducers and all of the other fundamentals of the Redux state manager. The actual Redux implementation starts around 22:00. This video is for people that know the basics of React and want to learn about Redux. If you want to learn React, check out my crash course at https://www.youtube.com/watch?v=A71aqufiNtQ

Sponsor: Coding Dojo
http://www.codingdojo.com/l/yt/tr

Code For This Project:
https://github.com/bradtraversy/redux_crash_course

💖 Become a Patron: Show support & get perks!
http://www.patreon.com/traversymedia

Website & Udemy Courses
http://www.traversymedia.com

Follow Traversy Media:
http://www.facebook.com/traversymedia
http://www.twitter.com/traversymedia
http://www.instagram.com/traversymedia

The Developer Hangout: Public Discord Server
https://discord.gg/developers",
              "liveBroadcastContent": "none",
              "localized": Object {
                "description": "In this video we will talk about what Redux is and build a React app from scratch and add all of the boilerplate for Redux and work with the store/state, actions, reducers and all of the other fundamentals of the Redux state manager. The actual Redux implementation starts around 22:00. This video is for people that know the basics of React and want to learn about Redux. If you want to learn React, check out my crash course at https://www.youtube.com/watch?v=A71aqufiNtQ

Sponsor: Coding Dojo
http://www.codingdojo.com/l/yt/tr

Code For This Project:
https://github.com/bradtraversy/redux_crash_course

💖 Become a Patron: Show support & get perks!
http://www.patreon.com/traversymedia

Website & Udemy Courses
http://www.traversymedia.com

Follow Traversy Media:
http://www.facebook.com/traversymedia
http://www.twitter.com/traversymedia
http://www.instagram.com/traversymedia

The Developer Hangout: Public Discord Server
https://discord.gg/developers",
                "title": "Redux Crash Course With React",
              },
              "publishedAt": "2018-03-17T13:50:15.000Z",
              "tags": Array [
                "redux",
                "react redux",
                "redux tutorial",
                "redux crash course",
                "react",
                "react js",
                "reactjs",
                "react js redux",
              ],
              "thumbnails": Object {
                "default": Object {
                  "height": 90,
                  "url": "https://i.ytimg.com/vi/93p3LxR9xfM/default.jpg",
                  "width": 120,
                },
                "high": Object {
                  "height": 360,
                  "url": "https://i.ytimg.com/vi/93p3LxR9xfM/hqdefault.jpg",
                  "width": 480,
                },
                "maxres": Object {
                  "height": 720,
                  "url": "https://i.ytimg.com/vi/93p3LxR9xfM/maxresdefault.jpg",
                  "width": 1280,
                },
                "medium": Object {
                  "height": 180,
                  "url": "https://i.ytimg.com/vi/93p3LxR9xfM/mqdefault.jpg",
                  "width": 320,
                },
                "standard": Object {
                  "height": 480,
                  "url": "https://i.ytimg.com/vi/93p3LxR9xfM/sddefault.jpg",
                  "width": 640,
                },
              },
              "title": "Redux Crash Course With React",
            },
            "statistics": Object {
              "commentCount": "504",
              "dislikeCount": "65",
              "favoriteCount": "0",
              "likeCount": "3107",
              "viewCount": "157879",
            },
            "viewedAt": 259200000,
          }
        }
      />
      <Connect(FavoriteListItem)
        handleOpenModal={[Function]}
        key="mhqO-VL6U2I2"
        uniqueLikedVideos={
          Array [
            Object {
              "DB_id": "-LPZqMuhTsj95R-48arh",
              "etag": "\\"XI7nbFXulYBIpL0ayR_gDh3eu1k/USnkHfpy6EgYn2Xol6nhrLyslqc\\"",
              "id": "45ETZ1xvHS0",
              "isSaved": true,
              "kind": "youtube#video",
              "searchKey": "london tourism",
              "snippet": Object {
                "categoryId": "19",
                "channelId": "UCGaOvAFinZ7BCN_FDmw74fQ",
                "channelTitle": "Expedia",
                "description": "http://www.expedia.com/London.d178279.Destination-Travel-Guides

A trip to London might as well be a trip through history. This city has long been a hub for finance, education, and culture, and is full of modern construction mixed with ancient buildings. 

Your London tour must include St. Paul’s Cathedral, one of its most well-known churches. You’ll also want to see the Tower of London, the Palace of Westminster, and Westminster Abbey for exquisite examples of the city’s famous architectural landmarks. Walk or jog through numerous green spaces, among them Hyde Park and Green Park, in the center of London.

Continue your London sightseeing in the West End, where you’ll find ancient buildings converted into modern shops, restaurants, bars, and shows. You’ll find one of the largest theatre districts in the world here, and can take in a different play almost every night of the week. 

For a real treat, climb aboard the London Eye, a giant, rotating Ferris wheel, and see the old and new parts of the city all at once.

Visit our London travel guide page for more information or to plan your next vacation!

--------------------------------------------------------------------------------------

Follow us on social media:
Twitter: https://twitter.com/Expedia 
Facebook: https://www.facebook.com/expedia 
Instagram: http://instagram.com/expedia
Pinterest: http://www.pinterest.com/Expedia/
Google+: https://plus.google.com/+Expedia 

--------------------------------------------------------------------------------------

Follow us on our travel blog, Viewfinder: 
http://viewfinder.expedia.com/",
                "liveBroadcastContent": "none",
                "localized": Object {
                  "description": "http://www.expedia.com/London.d178279.Destination-Travel-Guides

A trip to London might as well be a trip through history. This city has long been a hub for finance, education, and culture, and is full of modern construction mixed with ancient buildings. 

Your London tour must include St. Paul’s Cathedral, one of its most well-known churches. You’ll also want to see the Tower of London, the Palace of Westminster, and Westminster Abbey for exquisite examples of the city’s famous architectural landmarks. Walk or jog through numerous green spaces, among them Hyde Park and Green Park, in the center of London.

Continue your London sightseeing in the West End, where you’ll find ancient buildings converted into modern shops, restaurants, bars, and shows. You’ll find one of the largest theatre districts in the world here, and can take in a different play almost every night of the week. 

For a real treat, climb aboard the London Eye, a giant, rotating Ferris wheel, and see the old and new parts of the city all at once.

Visit our London travel guide page for more information or to plan your next vacation!

--------------------------------------------------------------------------------------

Follow us on social media:
Twitter: https://twitter.com/Expedia 
Facebook: https://www.facebook.com/expedia 
Instagram: http://instagram.com/expedia
Pinterest: http://www.pinterest.com/Expedia/
Google+: https://plus.google.com/+Expedia 

--------------------------------------------------------------------------------------

Follow us on our travel blog, Viewfinder: 
http://viewfinder.expedia.com/",
                  "title": "London Vacation Travel Guide | Expedia",
                },
                "publishedAt": "2013-03-07T01:50:41.000Z",
                "tags": Array [
                  "trip",
                  "explore",
                  "attractions",
                  "London travel guide",
                  "tourist",
                  "London",
                  "guide",
                  "vacation",
                  "tourism",
                  "expedia",
                  "travel",
                  "London vacations",
                  "visit",
                  "yt:cc=off",
                  "West end",
                  "Big Ben",
                  "england",
                  "Buckingham Palace",
                  "London Eye",
                  "Covent Garden",
                  "Trafalgar Square",
                  "Piccadilly Circus",
                  "Tower Bridge",
                  "Westminster Abbey",
                  "Hyde Park",
                  "Royal Albert Hall",
                  "St James Park",
                  "The West End",
                  "Tate Modern",
                  "The British Museum",
                ],
                "thumbnails": Object {
                  "default": Object {
                    "height": 90,
                    "url": "https://i.ytimg.com/vi/45ETZ1xvHS0/default.jpg",
                    "width": 120,
                  },
                  "high": Object {
                    "height": 360,
                    "url": "https://i.ytimg.com/vi/45ETZ1xvHS0/hqdefault.jpg",
                    "width": 480,
                  },
                  "maxres": Object {
                    "height": 720,
                    "url": "https://i.ytimg.com/vi/45ETZ1xvHS0/maxresdefault.jpg",
                    "width": 1280,
                  },
                  "medium": Object {
                    "height": 180,
                    "url": "https://i.ytimg.com/vi/45ETZ1xvHS0/mqdefault.jpg",
                    "width": 320,
                  },
                  "standard": Object {
                    "height": 480,
                    "url": "https://i.ytimg.com/vi/45ETZ1xvHS0/sddefault.jpg",
                    "width": 640,
                  },
                },
                "title": "London Vacation Travel Guide | Expedia",
              },
              "statistics": Object {
                "commentCount": "1054",
                "dislikeCount": "611",
                "favoriteCount": "0",
                "likeCount": "11765",
                "viewCount": "2849731",
              },
              "viewedAt": 432000000,
            },
            Object {
              "DB_id": "-LPZc8eoSz0u6Uvv7eNr",
              "etag": "\\"XI7nbFXulYBIpL0ayR_gDh3eu1k/wGm8x-4v7AeHl-rwzgtK4NETC9M\\"",
              "id": "93p3LxR9xfM",
              "isSaved": true,
              "kind": "youtube#video",
              "searchKey": "redux",
              "snippet": Object {
                "categoryId": "28",
                "channelId": "UC29ju8bIPH5as8OGnQzwJyA",
                "channelTitle": "Traversy Media",
                "defaultAudioLanguage": "en",
                "description": "In this video we will talk about what Redux is and build a React app from scratch and add all of the boilerplate for Redux and work with the store/state, actions, reducers and all of the other fundamentals of the Redux state manager. The actual Redux implementation starts around 22:00. This video is for people that know the basics of React and want to learn about Redux. If you want to learn React, check out my crash course at https://www.youtube.com/watch?v=A71aqufiNtQ

Sponsor: Coding Dojo
http://www.codingdojo.com/l/yt/tr

Code For This Project:
https://github.com/bradtraversy/redux_crash_course

💖 Become a Patron: Show support & get perks!
http://www.patreon.com/traversymedia

Website & Udemy Courses
http://www.traversymedia.com

Follow Traversy Media:
http://www.facebook.com/traversymedia
http://www.twitter.com/traversymedia
http://www.instagram.com/traversymedia

The Developer Hangout: Public Discord Server
https://discord.gg/developers",
                "liveBroadcastContent": "none",
                "localized": Object {
                  "description": "In this video we will talk about what Redux is and build a React app from scratch and add all of the boilerplate for Redux and work with the store/state, actions, reducers and all of the other fundamentals of the Redux state manager. The actual Redux implementation starts around 22:00. This video is for people that know the basics of React and want to learn about Redux. If you want to learn React, check out my crash course at https://www.youtube.com/watch?v=A71aqufiNtQ

Sponsor: Coding Dojo
http://www.codingdojo.com/l/yt/tr

Code For This Project:
https://github.com/bradtraversy/redux_crash_course

💖 Become a Patron: Show support & get perks!
http://www.patreon.com/traversymedia

Website & Udemy Courses
http://www.traversymedia.com

Follow Traversy Media:
http://www.facebook.com/traversymedia
http://www.twitter.com/traversymedia
http://www.instagram.com/traversymedia

The Developer Hangout: Public Discord Server
https://discord.gg/developers",
                  "title": "Redux Crash Course With React",
                },
                "publishedAt": "2018-03-17T13:50:15.000Z",
                "tags": Array [
                  "redux",
                  "react redux",
                  "redux tutorial",
                  "redux crash course",
                  "react",
                  "react js",
                  "reactjs",
                  "react js redux",
                ],
                "thumbnails": Object {
                  "default": Object {
                    "height": 90,
                    "url": "https://i.ytimg.com/vi/93p3LxR9xfM/default.jpg",
                    "width": 120,
                  },
                  "high": Object {
                    "height": 360,
                    "url": "https://i.ytimg.com/vi/93p3LxR9xfM/hqdefault.jpg",
                    "width": 480,
                  },
                  "maxres": Object {
                    "height": 720,
                    "url": "https://i.ytimg.com/vi/93p3LxR9xfM/maxresdefault.jpg",
                    "width": 1280,
                  },
                  "medium": Object {
                    "height": 180,
                    "url": "https://i.ytimg.com/vi/93p3LxR9xfM/mqdefault.jpg",
                    "width": 320,
                  },
                  "standard": Object {
                    "height": 480,
                    "url": "https://i.ytimg.com/vi/93p3LxR9xfM/sddefault.jpg",
                    "width": 640,
                  },
                },
                "title": "Redux Crash Course With React",
              },
              "statistics": Object {
                "commentCount": "504",
                "dislikeCount": "65",
                "favoriteCount": "0",
                "likeCount": "3107",
                "viewCount": "157879",
              },
              "viewedAt": 259200000,
            },
            Object {
              "DB_id": "-LPYqZAOK_fykstgasiS",
              "etag": "\\"XI7nbFXulYBIpL0ayR_gDh3eu1k/U1WY6K7aQ7K7zjXYzsB2B6cr0WU\\"",
              "id": "mhqO-VL6U2I",
              "isSaved": true,
              "kind": "youtube#video",
              "searchKey": "redux",
              "snippet": Object {
                "categoryId": "1",
                "channelId": "UCyU5wkjgQYGRB0hIHMwm2Sg",
                "channelTitle": "LevelUpTuts",
                "description": "Sign up for Level Up Pro for full access
https://www.leveluptutorials.com/pro

Buy Redux & React for Everyone series: https://goo.gl/XSuXqC

Subscribe for more free tutorials https://goo.gl/6ljoFc

The best shared web hosting
http://www.bluehost.com/track/leveluptutorials/

Subscribe to the Level Up Newsletter
http://eepurl.com/AWjGz

Redux is a predictable state container for JavaScript apps.

It helps you write applications that behave consistently, run in different environments (client, server, and native), and are easy to test. On top of that, it provides a great developer experience, such as live code editing combined with a time traveling debugger.

React makes it painless to create interactive UIs. Design simple views for each state in your application, and React will efficiently update and render just the right components when your data changes.
Declarative views make your code more predictable and easier to debug.

Build encapsulated components that manage their own state, then compose them to make complex UIs.
Since component logic is written in JavaScript instead of templates, you can easily pass rich data through your app and keep state out of the DOM.

We don't make assumptions about the rest of your technology stack, so you can develop new features in React without rewriting existing code.
React can also render on the server using Node and power mobile apps using React Native.",
                "liveBroadcastContent": "none",
                "localized": Object {
                  "description": "Sign up for Level Up Pro for full access
https://www.leveluptutorials.com/pro

Buy Redux & React for Everyone series: https://goo.gl/XSuXqC

Subscribe for more free tutorials https://goo.gl/6ljoFc

The best shared web hosting
http://www.bluehost.com/track/leveluptutorials/

Subscribe to the Level Up Newsletter
http://eepurl.com/AWjGz

Redux is a predictable state container for JavaScript apps.

It helps you write applications that behave consistently, run in different environments (client, server, and native), and are easy to test. On top of that, it provides a great developer experience, such as live code editing combined with a time traveling debugger.

React makes it painless to create interactive UIs. Design simple views for each state in your application, and React will efficiently update and render just the right components when your data changes.
Declarative views make your code more predictable and easier to debug.

Build encapsulated components that manage their own state, then compose them to make complex UIs.
Since component logic is written in JavaScript instead of templates, you can easily pass rich data through your app and keep state out of the DOM.

We don't make assumptions about the rest of your technology stack, so you can develop new features in React without rewriting existing code.
React can also render on the server using Node and power mobile apps using React Native.",
                  "title": "What Is Redux?",
                },
                "publishedAt": "2018-01-03T21:27:52.000Z",
                "tags": Array [
                  "react",
                  "reactjs",
                  "react.js",
                  "js",
                  "javascript",
                  "ui",
                  "user interface",
                  "subscribe",
                  "react tutorial",
                  "beginners",
                  "jsx",
                  "html",
                  "progressive web app",
                  "pwa",
                  "tutorial",
                  "how to",
                  "web",
                  "web development",
                  "programming tutorials",
                  "nodejs vscode javascript",
                  "programming",
                  "web developer",
                  "website development",
                  "fast websites",
                  "stack",
                  "ssr",
                  "server side rendering",
                  "web dev",
                  "javascript (programming language)",
                  "redux",
                  "redux js",
                  "react & redux",
                  "redux for beginners",
                  "redux basics",
                  "redux best practices",
                  "redux thunk",
                  "redux local storage",
                ],
                "thumbnails": Object {
                  "default": Object {
                    "height": 90,
                    "url": "https://i.ytimg.com/vi/mhqO-VL6U2I/default.jpg",
                    "width": 120,
                  },
                  "high": Object {
                    "height": 360,
                    "url": "https://i.ytimg.com/vi/mhqO-VL6U2I/hqdefault.jpg",
                    "width": 480,
                  },
                  "maxres": Object {
                    "height": 720,
                    "url": "https://i.ytimg.com/vi/mhqO-VL6U2I/maxresdefault.jpg",
                    "width": 1280,
                  },
                  "medium": Object {
                    "height": 180,
                    "url": "https://i.ytimg.com/vi/mhqO-VL6U2I/mqdefault.jpg",
                    "width": 320,
                  },
                  "standard": Object {
                    "height": 480,
                    "url": "https://i.ytimg.com/vi/mhqO-VL6U2I/sddefault.jpg",
                    "width": 640,
                  },
                },
                "title": "What Is Redux?",
              },
              "statistics": Object {
                "commentCount": "37",
                "dislikeCount": "27",
                "favoriteCount": "0",
                "likeCount": "277",
                "viewCount": "25092",
              },
              "viewedAt": -432000000,
            },
          ]
        }
        video={
          Object {
            "DB_id": "-LPYqZAOK_fykstgasiS",
            "etag": "\\"XI7nbFXulYBIpL0ayR_gDh3eu1k/U1WY6K7aQ7K7zjXYzsB2B6cr0WU\\"",
            "id": "mhqO-VL6U2I",
            "isSaved": true,
            "kind": "youtube#video",
            "searchKey": "redux",
            "snippet": Object {
              "categoryId": "1",
              "channelId": "UCyU5wkjgQYGRB0hIHMwm2Sg",
              "channelTitle": "LevelUpTuts",
              "description": "Sign up for Level Up Pro for full access
https://www.leveluptutorials.com/pro

Buy Redux & React for Everyone series: https://goo.gl/XSuXqC

Subscribe for more free tutorials https://goo.gl/6ljoFc

The best shared web hosting
http://www.bluehost.com/track/leveluptutorials/

Subscribe to the Level Up Newsletter
http://eepurl.com/AWjGz

Redux is a predictable state container for JavaScript apps.

It helps you write applications that behave consistently, run in different environments (client, server, and native), and are easy to test. On top of that, it provides a great developer experience, such as live code editing combined with a time traveling debugger.

React makes it painless to create interactive UIs. Design simple views for each state in your application, and React will efficiently update and render just the right components when your data changes.
Declarative views make your code more predictable and easier to debug.

Build encapsulated components that manage their own state, then compose them to make complex UIs.
Since component logic is written in JavaScript instead of templates, you can easily pass rich data through your app and keep state out of the DOM.

We don't make assumptions about the rest of your technology stack, so you can develop new features in React without rewriting existing code.
React can also render on the server using Node and power mobile apps using React Native.",
              "liveBroadcastContent": "none",
              "localized": Object {
                "description": "Sign up for Level Up Pro for full access
https://www.leveluptutorials.com/pro

Buy Redux & React for Everyone series: https://goo.gl/XSuXqC

Subscribe for more free tutorials https://goo.gl/6ljoFc

The best shared web hosting
http://www.bluehost.com/track/leveluptutorials/

Subscribe to the Level Up Newsletter
http://eepurl.com/AWjGz

Redux is a predictable state container for JavaScript apps.

It helps you write applications that behave consistently, run in different environments (client, server, and native), and are easy to test. On top of that, it provides a great developer experience, such as live code editing combined with a time traveling debugger.

React makes it painless to create interactive UIs. Design simple views for each state in your application, and React will efficiently update and render just the right components when your data changes.
Declarative views make your code more predictable and easier to debug.

Build encapsulated components that manage their own state, then compose them to make complex UIs.
Since component logic is written in JavaScript instead of templates, you can easily pass rich data through your app and keep state out of the DOM.

We don't make assumptions about the rest of your technology stack, so you can develop new features in React without rewriting existing code.
React can also render on the server using Node and power mobile apps using React Native.",
                "title": "What Is Redux?",
              },
              "publishedAt": "2018-01-03T21:27:52.000Z",
              "tags": Array [
                "react",
                "reactjs",
                "react.js",
                "js",
                "javascript",
                "ui",
                "user interface",
                "subscribe",
                "react tutorial",
                "beginners",
                "jsx",
                "html",
                "progressive web app",
                "pwa",
                "tutorial",
                "how to",
                "web",
                "web development",
                "programming tutorials",
                "nodejs vscode javascript",
                "programming",
                "web developer",
                "website development",
                "fast websites",
                "stack",
                "ssr",
                "server side rendering",
                "web dev",
                "javascript (programming language)",
                "redux",
                "redux js",
                "react & redux",
                "redux for beginners",
                "redux basics",
                "redux best practices",
                "redux thunk",
                "redux local storage",
              ],
              "thumbnails": Object {
                "default": Object {
                  "height": 90,
                  "url": "https://i.ytimg.com/vi/mhqO-VL6U2I/default.jpg",
                  "width": 120,
                },
                "high": Object {
                  "height": 360,
                  "url": "https://i.ytimg.com/vi/mhqO-VL6U2I/hqdefault.jpg",
                  "width": 480,
                },
                "maxres": Object {
                  "height": 720,
                  "url": "https://i.ytimg.com/vi/mhqO-VL6U2I/maxresdefault.jpg",
                  "width": 1280,
                },
                "medium": Object {
                  "height": 180,
                  "url": "https://i.ytimg.com/vi/mhqO-VL6U2I/mqdefault.jpg",
                  "width": 320,
                },
                "standard": Object {
                  "height": 480,
                  "url": "https://i.ytimg.com/vi/mhqO-VL6U2I/sddefault.jpg",
                  "width": 640,
                },
              },
              "title": "What Is Redux?",
            },
            "statistics": Object {
              "commentCount": "37",
              "dislikeCount": "27",
              "favoriteCount": "0",
              "likeCount": "277",
              "viewCount": "25092",
            },
            "viewedAt": -432000000,
          }
        }
      />
    </ul>
  </div>
  <FavoriteModal
    handleCloseModal={[Function]}
    showModal={false}
    video={Object {}}
  />
</div>
`;
