// Jest Snapshot v1, https://goo.gl/fbAQLP

exports[`should render Header correctly 1`] = `
<div>
  <div
    className="page-header"
  >
    <div
      className="container"
    >
      <Connect(HeaderBar) />
    </div>
  </div>
  <div
    className="container"
  >
    <SearchBar
      onChange={[Function]}
      onSubmit={[Function]}
      value=""
    />
    <div
      className="row nav-bar"
    >
      <div
        className="col s12"
      >
        <ul
          className="tabsCustom light"
        >
          <li
            className="col s2 tabCustom"
          >
            <NavLink
              activeClass="active"
              activeClassName="active"
              aria-current="page"
              exact={true}
              to="/"
            >
              <i
                className="material-icons"
              >
                featured_video
              </i>
              <span>
                Videos
              </span>
            </NavLink>
          </li>
          <li
            className="col s2 tabCustom"
          >
            <NavLink
              activeClass="active"
              activeClassName="active"
              aria-current="page"
              to="/history"
            >
              <i
                className="material-icons"
              >
                history
              </i>
              <span>
                History
              </span>
            </NavLink>
          </li>
          <li
            className="col s2 tabCustom"
          >
            <NavLink
              activeClass="active"
              activeClassName="active"
              aria-current="page"
              to="/saved"
            >
              <i
                className="material-icons"
              >
                star
              </i>
              <span>
                Faves
              </span>
            </NavLink>
          </li>
          <li
            className="col s2 tabCustom"
          >
            <NavLink
              activeClass="active"
              activeClassName="active"
              aria-current="page"
              to="/blog"
            >
              <i
                className="material-icons"
              >
                note_add
              </i>
              <span>
                Blog
              </span>
            </NavLink>
          </li>
        </ul>
      </div>
    </div>
  </div>
</div>
`;
